open testdata\verify-missing-sfv-file.sfv: The system cannot find the file specified.
