0 692665475 01 Palm Trees.wav
1 2795926379 02 Loving Your Dog.wav
2 727902725 03 Laundry Day.wav
3 4174314131 04 Goodbye.wav
4 1546418783 05 Palm Trees Tavern.wav
5 2059190417 06 Good Golly Grandma.wav
6 4220275878 07 Roku.wav
7 3981375649 08 Ninja Child.wav
8 2486653598 09 Alien Resident.wav
9 2871168723 10 Forgotten....wav
10 2722115251 11 Theme of ''GRAPE APE''.wav
11 2557344458 12 Theme (Piano Version).wav
