0 0d532a24 0d532a24 verify-1.bin 
1 4eb2b222 4eb2b222 verify-2.bin 
0/28 verify-1.bin
8/28 verify-2.bin
0 0d532a24 0d532a24 verify-1.bin 
1 4eb2b222 4eb2b222 verify-2.bin 
